/usr/bin/cmake -S/home/ran/Codes/edadb -B/home/ran/Codes/edadb/build --check-build-system CMakeFiles/Makefile.cmake 0
-- Found Boost: /usr/lib/x86_64-linux-gnu/cmake/Boost-1.74.0/BoostConfig.cmake (found version "1.74.0")  
-- Found Boost: /usr/lib/x86_64-linux-gnu/cmake/Boost-1.74.0/BoostConfig.cmake (found suitable version "1.74.0", minimum required is "1.65") found components: system filesystem program_options 
-- Configuring done
-- Generating done
-- Build files have been written to: /home/ran/Codes/edadb/build
/usr/bin/cmake -E cmake_progress_start /home/ran/Codes/edadb/build/CMakeFiles /home/ran/Codes/edadb/build//CMakeFiles/progress.marks
make  -f CMakeFiles/Makefile2 all
make[1]: Entering directory '/home/ran/Codes/edadb/build'
make  -f CMakeFiles/edadb.dir/build.make CMakeFiles/edadb.dir/depend
make[2]: Entering directory '/home/ran/Codes/edadb/build'
cd /home/ran/Codes/edadb/build && /usr/bin/cmake -E cmake_depends "Unix Makefiles" /home/ran/Codes/edadb /home/ran/Codes/edadb /home/ran/Codes/edadb/build /home/ran/Codes/edadb/build /home/ran/Codes/edadb/build/CMakeFiles/edadb.dir/DependInfo.cmake --color=
Consolidate compiler generated dependencies of target edadb
make[2]: Leaving directory '/home/ran/Codes/edadb/build'
make  -f CMakeFiles/edadb.dir/build.make CMakeFiles/edadb.dir/build
make[2]: Entering directory '/home/ran/Codes/edadb/build'
[ 33%] Building CXX object CMakeFiles/edadb.dir/src/edadbTest19.cpp.o
/usr/bin/c++ -DBUN_SQLITE -DFMT_HEADER_ONLY -I/home/ran/Codes/edadb/include -I/home/ran/Codes/edadb/include/third_party -I/home/ran/Codes/edadb/include/third_party/hdr -I/home/ran/Codes/edadb/include/third_party/json -I/home/ran/Codes/edadb/include/third_party/msgpack -I/home/ran/Codes/edadb/include/third_party/rapidjson -I/home/ran/Codes/edadb/include/third_party/spdlog -I/home/ran/Codes/edadb/include/third_party/sqlite -I/home/ran/Codes/edadb/include/third_party/unqlite -Wall -Wno-unused-variable -Wno-pessimizing-move -Wno-reorder -std=c++20 -g -O0 -g -std=c++20 -MD -MT CMakeFiles/edadb.dir/src/edadbTest19.cpp.o -MF CMakeFiles/edadb.dir/src/edadbTest19.cpp.o.d -o CMakeFiles/edadb.dir/src/edadbTest19.cpp.o -c /home/ran/Codes/edadb/src/edadbTest19.cpp
In file included from /home/ran/Codes/edadb/src/edadbTest19.cpp:2:
/home/ran/Codes/edadb/include/lib/edadb/edadbTest19.hpp: In static member function ‘static const string& edadb::SqlStringT2T<T, Q>::createTableStr()’:
/home/ran/Codes/edadb/include/lib/edadb/edadbTest19.hpp:848:23: warning: typedef ‘using FirstType_Q = std::decay_t<decltype (at_c<0>(typename edadb::TypeMetaData<Q>::TupType()))>’ locally defined but not used [-Wunused-local-typedefs]
  848 |                 using FirstType_Q = std::decay_t<decltype(boost::fusion::at_c<0>(typename TypeMetaData<Q>::TupType()))>;
      |                       ^~~~~~~~~~~
/home/ran/Codes/edadb/include/lib/edadb/edadbTest19.hpp:863:23: warning: typedef ‘using FirstType_Q = std::decay_t<decltype (at_c<0>(typename edadb::TypeMetaData<edadb::Shadow<Q> >::TupType()))>’ locally defined but not used [-Wunused-local-typedefs]
  863 |                 using FirstType_Q = std::decay_t<decltype(boost::fusion::at_c<0>(typename TypeMetaData<Shadow<Q>>::TupType()))>;
      |                       ^~~~~~~~~~~
In file included from /usr/include/boost/math/tools/cxx03_warn.hpp:9,
                 from /usr/include/boost/math/constants/constants.hpp:11,
                 from /usr/include/boost/geometry/util/math.hpp:29,
                 from /usr/include/boost/geometry/core/radian_access.hpp:33,
                 from /usr/include/boost/geometry/geometry.hpp:51,
                 from /usr/include/boost/geometry.hpp:17,
                 from /home/ran/Codes/edadb/src/edadbTest19.cpp:3:
/usr/include/boost/detail/no_exceptions_support.hpp: At global scope:
/usr/include/boost/detail/no_exceptions_support.hpp:17:1: note: ‘#pragma message: This header is deprecated. Use <boost/core/no_exceptions_support.hpp> instead.’
   17 | BOOST_HEADER_DEPRECATED("<boost/core/no_exceptions_support.hpp>")
      | ^~~~~~~~~~~~~~~~~~~~~~~
[ 66%] Linking CXX executable edadb
/usr/bin/cmake -E cmake_link_script CMakeFiles/edadb.dir/link.txt --verbose=1
/usr/bin/c++  -Wall -Wno-unused-variable -Wno-pessimizing-move -Wno-reorder -std=c++20 -g -O0 -g -std=c++20 CMakeFiles/edadb.dir/src/sqlite/sqlite3.c.o CMakeFiles/edadb.dir/src/edadbTest19.cpp.o -o edadb  -Wl,-Bstatic -lsoci_sqlite3 -lsoci_core -Wl,-Bdynamic -ldl -lpthread 
make[2]: Leaving directory '/home/ran/Codes/edadb/build'
[100%] Built target edadb
make[1]: Leaving directory '/home/ran/Codes/edadb/build'
/usr/bin/cmake -E cmake_progress_start /home/ran/Codes/edadb/build/CMakeFiles 0
